 GpuCheck

 Timestamp is 6a8b1bde (Sun Aug 23 13:12:14 2026)

 Preferred load address is 0000000180000000

 Start         Length     Name                   Class
 0001:00000000 0000406eH .text$mn                CODE
 0002:00000000 00001eb4H .rdata                  DATA
 0002:00001eb4 00000020H .rdata$voltmd           DATA
 0002:00001ed4 00000098H .rdata$zzzdbg           DATA
 0002:00001f6c 00000228H .xdata                  DATA
 0002:00002194 00000000H .edata                  DATA
 0003:00000000 000000c0H .data                   DATA
 0003:000000c0 00001e40H .bss                    DATA
 0004:00000000 00000294H .pdata                  DATA

  Address         Publics by Value              Rva+Base               Lib:Object

 0000:00000000       __AbsoluteZero             0000000000000000     <absolute>
 0000:00000000       ___safe_se_handler_count   0000000000000000     <absolute>
 0000:00000000       ___safe_se_handler_table   0000000000000000     <absolute>
 0000:00000000       __arm64x_extra_rfe_table   0000000000000000     <absolute>
 0000:00000000       __arm64x_extra_rfe_table_size 0000000000000000     <absolute>
 0000:00000000       __arm64x_native_entrypoint 0000000000000000     <absolute>
 0000:00000000       __arm64x_redirection_metadata 0000000000000000     <absolute>
 0000:00000000       __arm64x_redirection_metadata_count 0000000000000000     <absolute>
 0000:00000000       __dynamic_value_reloc_table 0000000000000000     <absolute>
 0000:00000000       __enclave_config           0000000000000000     <absolute>
 0000:00000000       __guard_check_icall_a64n_fptr 0000000000000000     <absolute>
 0000:00000000       __guard_eh_cont_count      0000000000000000     <absolute>
 0000:00000000       __guard_eh_cont_table      0000000000000000     <absolute>
 0000:00000000       __guard_fids_count         0000000000000000     <absolute>
 0000:00000000       __guard_fids_table         0000000000000000     <absolute>
 0000:00000000       __guard_flags              0000000000000000     <absolute>
 0000:00000000       __guard_iat_count          0000000000000000     <absolute>
 0000:00000000       __guard_iat_table          0000000000000000     <absolute>
 0000:00000000       __guard_longjmp_count      0000000000000000     <absolute>
 0000:00000000       __guard_longjmp_table      0000000000000000     <absolute>
 0000:00000000       __hybrid_auxiliary_delayload_iat 0000000000000000     <absolute>
 0000:00000000       __hybrid_auxiliary_delayload_iat_copy 0000000000000000     <absolute>
 0000:00000000       __hybrid_auxiliary_iat     0000000000000000     <absolute>
 0000:00000000       __hybrid_auxiliary_iat_copy 0000000000000000     <absolute>
 0000:00000000       __hybrid_code_map          0000000000000000     <absolute>
 0000:00000000       __hybrid_code_map_count    0000000000000000     <absolute>
 0000:00000000       __hybrid_image_info_bitfield 0000000000000000     <absolute>
 0000:00000000       __x64_code_ranges_to_entry_points 0000000000000000     <absolute>
 0000:00000000       __x64_code_ranges_to_entry_points_count 0000000000000000     <absolute>
 0001:000000d0       EfiMain                    00000001800010d0 f   GpuCheck.obj
 0001:00000dc8       UefiMain                   0000000180001dc8 f   GpuCheck.obj
 0001:00001560       GpuClassName               0000000180002560 f   PciScan.obj
 0001:000015ac       GpuHasProbableDiscrete     00000001800025ac f   PciScan.obj
 0001:000015d4       GpuLinkSpeedName           00000001800025d4 f   PciScan.obj
 0001:0000163c       GpuPortTypeName            000000018000263c f   PciScan.obj
 0001:00001694       GpuScanPci                 0000000180002694 f   PciScan.obj
 0001:00001798       GpuTypeName                0000000180002798 f   PciScan.obj
 0001:000017bc       GpuVendorName              00000001800027bc f   PciScan.obj
 0001:0000245c       WinBootCandidateCount      000000018000345c f   WindowsBoot.obj
 0001:00002464       WinBootCandidatePath       0000000180003464 f   WindowsBoot.obj
 0001:0000247c       WinBootChainload           000000018000347c f   WindowsBoot.obj
 0001:00002604       WinBootFileExists          0000000180003604 f   WindowsBoot.obj
 0001:000026d0       WinBootFindLoader          00000001800036d0 f   WindowsBoot.obj
 0001:000027e0       WinBootOwnDeviceHandle     00000001800037e0 f   WindowsBoot.obj
 0001:000027f8       WinBootOwnFilePath         00000001800037f8 f   WindowsBoot.obj
 0001:00002b98       GpuConfigLoad              0000000180003b98 f   GpuConfig.obj
 0001:00002d38       GpuConfigSetDefaults       0000000180003d38 f   GpuConfig.obj
 0001:000034c0       GpuLogWriteScan            00000001800044c0 f   GpuLog.obj
 0001:0000380c       AllocatePool               000000018000480c f   StandaloneUefi.obj
 0001:00003848       AllocateZeroPool           0000000180004848 f   StandaloneUefi.obj
 0001:00003878       CompareMem                 0000000180004878 f   StandaloneUefi.obj
 0001:000038a4       CopyMem                    00000001800048a4 f   StandaloneUefi.obj
 0001:000038bc       DevicePathFromHandle       00000001800048bc f   StandaloneUefi.obj
 0001:000038fc       FileDevicePath             00000001800048fc f   StandaloneUefi.obj
 0001:00003a20       FreePool                   0000000180004a20 f   StandaloneUefi.obj
 0001:00003a38       Print                      0000000180004a38 f   StandaloneUefi.obj
 0001:00003a60       StandaloneUefiInit         0000000180004a60 f   StandaloneUefi.obj
 0001:00003a88       StrCat16                   0000000180004a88 f   StandaloneUefi.obj
 0001:00003ac4       StrCpy16                   0000000180004ac4 f   StandaloneUefi.obj
 0001:00003b00       StrLen                     0000000180004b00 f   StandaloneUefi.obj
 0001:00003ba0       VPrint                     0000000180004ba0 f   StandaloneUefi.obj
 0001:0000405c       ZeroMem                    000000018000505c f   StandaloneUefi.obj
 0002:00000000       ??_C@_17MJEANDKP@?$AA?$CF?$AAs?$AA?6@ 0000000180006000     GpuCheck.obj
 0002:00000008       ??_C@_1CE@KOEHJHAC@?$AA?$CF?$AA0?$AA4?$AAX?$AA?3?$AA?$CF?$AA0?$AA2?$AAX?$AA?3?$AA?$CF?$AA0?$AA2?$AAX?$AA?4@ 0000000180006008     GpuCheck.obj
 0002:00000030       ??_C@_1M@OLLLFKAK@?$AA?$FL?$AA?$CF?$AAd?$AA?$FN?$AA?6@ 0000000180006030     GpuCheck.obj
 0002:00000040       ??_C@_1BK@EAMOKKDJ@?$AAB?$AAD?$AAF?$AA?5?$AA?5?$AA?5?$AA?5?$AA?5?$AA?5?$AA?5?$AA?3?$AA?5@ 0000000180006040     GpuCheck.obj
 0002:0000005c       ??_C@_13LBAGMAIH@?$AA?6@   000000018000605c     GpuCheck.obj
 0002:00000060       ??_C@_1CA@EAGCDCJO@?$AAV?$AAe?$AAn?$AAd?$AAo?$AAr?$AA?5?$AA?5?$AA?5?$AA?5?$AA?3?$AA?5?$AA?$CF?$AAs?$AA?6@ 0000000180006060     GpuCheck.obj
 0002:00000080       ??_C@_1CO@IJJOKNAM@?$AAV?$AAI?$AAD?$AA?3?$AAD?$AAI?$AAD?$AA?5?$AA?5?$AA?5?$AA?3?$AA?5?$AA?$CF?$AA0?$AA4@ 0000000180006080     GpuCheck.obj
 0002:000000b0       ??_C@_1DE@IDBKDBHO@?$AAC?$AAl?$AAa?$AAs?$AAs?$AA?5?$AA?5?$AA?5?$AA?5?$AA?5?$AA?3?$AA?5?$AA?$CF?$AA0?$AA2@ 00000001800060b0     GpuCheck.obj
 0002:000000e8       ??_C@_1CA@LNMPFBDD@?$AAT?$AAy?$AAp?$AAe?$AA?5?$AA?5?$AA?5?$AA?5?$AA?5?$AA?5?$AA?3?$AA?5?$AA?$CF?$AAs?$AA?6@ 00000001800060e8     GpuCheck.obj
 0002:00000108       ??_C@_1CI@JLLGNNBB@?$AAL?$AAi?$AAn?$AAk?$AA?5?$AA?5?$AA?5?$AA?5?$AA?5?$AA?5?$AA?3?$AA?5?$AA?$CF?$AAs?$AA?5@ 0000000180006108     GpuCheck.obj
 0002:00000130       ??_C@_1CI@POCCGGII@?$AAC?$AAa?$AAp?$AAa?$AAb?$AAi?$AAl?$AAi?$AAt?$AAy?$AA?3?$AA?5?$AA?$CF?$AAs?$AA?5@ 0000000180006130     GpuCheck.obj
 0002:00000160       ??_C@_1FG@CMMMPHE@?$AAL?$AAi?$AAn?$AAk?$AA?5?$AA?5?$AA?5?$AA?5?$AA?5?$AA?5?$AA?3?$AA?5?$AA?$CI?$AAn?$AAo@ 0000000180006160     GpuCheck.obj
 0002:000001b8       ??_C@_1M@CEDEBFFA@?$AA?$FL?$AA?$CF?$AAd?$AA?$FN?$AA?5@ 00000001800061b8     GpuCheck.obj
 0002:000001c8       ??_C@_1CC@ILEAHINM@?$AA?5?$AA?5?$AA?$CF?$AA0?$AA4?$AAX?$AA?3?$AA?$CF?$AA0?$AA4?$AAX?$AA?5?$AA?5?$AA?$CF?$AAs@ 00000001800061c8     GpuCheck.obj
 0002:000001f0       ??_C@_1DA@KLCMFKDO@?$AA?5?$AA?5?$AA?5?$AA?5?$AAC?$AAl?$AAa?$AAs?$AAs?$AA?5?$AA?$CF?$AA0?$AA2?$AAX?$AA?3@ 00000001800061f0     GpuCheck.obj
 0002:00000220       ??_C@_1CA@CCFLODPM@?$AA?5?$AA?5?$AA?5?$AA?5?$AAT?$AAy?$AAp?$AAe?$AA?5?$AA?5?$AA?$CF?$AA?9?$AA1?$AA1?$AAs@ 0000000180006220     GpuCheck.obj
 0002:00000240       ??_C@_1DE@EIGDHON@?$AA?5?$AAL?$AAi?$AAn?$AAk?$AA?5?$AA?$CF?$AAs?$AA?5?$AAx?$AA?$CF?$AAd?$AA?5?$AA?$CI?$AAm@ 0000000180006240     GpuCheck.obj
 0002:00000274       ??_C@_15IABLJNFO@?$AA?6?$AA?6@ 0000000180006274     GpuCheck.obj
 0002:00000280       ??_C@_1M@JLIBMDDE@?$AA?$CF?$AA2?$AAd?$AA?5?$AA?5@ 0000000180006280     GpuCheck.obj
 0002:00000290       ??_C@_1DM@PHBPPLJA@?$AA?5?$AA?5?$AA?$CF?$AA0?$AA4?$AAX?$AA?3?$AA?$CF?$AA0?$AA4?$AAX?$AA?5?$AA?5?$AA?$CF?$AA0@ 0000000180006290     GpuCheck.obj
 0002:000002d0       ??_C@_1BA@MNKFPHEC@?$AA?5?$AA?$CF?$AAs?$AA?5?$AAx?$AA?$CF?$AAd@ 00000001800062d0     GpuCheck.obj
 0002:000002e0       ??_C@_1EO@DLCGBLIM@?$AA?5?$AA?5?$AA?5?$AA?5?$AA?5?$AA?5?$AA?5?$AA?5?$AA?5?$AA?5?$AA?5?$AA?5?$AA?5?$AA?5?$AA?5@ 00000001800062e0     GpuCheck.obj
 0002:00000330       ??_C@_1EK@BHOIJCAD@?$AAN?$AAO?$AA?5?$AAP?$AAC?$AAI?$AA?5?$AAD?$AAI?$AAS?$AAP?$AAL?$AAA?$AAY?$AA?5@ 0000000180006330     GpuCheck.obj
 0002:00000380       ??_C@_1DC@GEJEFIEI@?$AA?6?$AAP?$AAC?$AAI?$AA?5?$AAf?$AAu?$AAn?$AAc?$AAt?$AAi?$AAo?$AAn?$AAs?$AA?5@ 0000000180006380     GpuCheck.obj
 0002:000003c0       ??_C@_1EG@BAHGBPGB@?$AAP?$AAC?$AAI?$AA?5?$AAd?$AAi?$AAs?$AAp?$AAl?$AAa?$AAy?$AA?5?$AAa?$AAd?$AAa@ 00000001800063c0     GpuCheck.obj
 0002:00000410       ??_C@_1GE@PMHIBFKP@?$AA?$CI?$AAf?$AAo?$AAu?$AAn?$AAd?$AA?5?$AAv?$AAi?$AAa?$AA?5?$AAr?$AAo?$AAo?$AAt@ 0000000180006410     GpuCheck.obj
 0002:00000480       ??_C@_1GC@BLHCEBLE@?$AA?$CI?$AAm?$AAo?$AAr?$AAe?$AA?5?$AAt?$AAh?$AAa?$AAn?$AA?5?$AA?$CF?$AAd?$AA?5?$AAa@ 0000000180006480     GpuCheck.obj
 0002:000004f0       ??_C@_1IC@CPBNPFEH@?$AAg?$AAp?$AAu?$AAc?$AAh?$AAe?$AAc?$AAk?$AA?4?$AAc?$AAf?$AAg?$AA?5?$AAi?$AAs@ 00000001800064f0     GpuCheck.obj
 0002:00000580       ??_C@_1GM@MEPAJCNL@?$AA?5?$AA?$CD?$AA?5?$AA?5?$AAB?$AAD?$AAF?$AA?5?$AA?5?$AA?5?$AA?5?$AA?5?$AA?5?$AA?5?$AA?5@ 0000000180006580     GpuCheck.obj
 0002:000005f0       ??_C@_1HG@CDPOFHCA@?$AA?9?$AA?9?$AA?9?$AA?9?$AA?9?$AA?9?$AA?9?$AA?9?$AA?9?$AA?9?$AA?9?$AA?9?$AA?9?$AA?9?$AA?9@ 00000001800065f0     GpuCheck.obj
 0002:00000668       ??_C@_1CM@MIJHDFGC@?$AA?6?$AA?9?$AA?9?$AA?5?$AAp?$AAa?$AAg?$AAe?$AA?5?$AA?$CF?$AAd?$AA?5?$AAo?$AAf?$AA?5@ 0000000180006668     GpuCheck.obj
 0002:000006a0       ??_C@_1EM@GEOFEPDE@?$AA?5?$AAN?$AAO?$AA?5?$AAP?$AAC?$AAI?$AA?5?$AAD?$AAI?$AAS?$AAP?$AAL?$AAA?$AAY@ 00000001800066a0     GpuCheck.obj
 0002:000006f0       ??_C@_1CK@GKFLFEBG@?$AAE?$AAx?$AAp?$AAe?$AAc?$AAt?$AAe?$AAd?$AA?5?$AAG?$AAP?$AAU?$AA?5?$AAp?$AAr@ 00000001800066f0     GpuCheck.obj
 0002:00000720       ??_C@_1BM@EMCJGAIE@?$AA?5?$AA?$CI?$AA?$CF?$AA0?$AA4?$AAX?$AA?3?$AA?$CF?$AA0?$AA4?$AAX?$AA?$CJ?$AA?4@ 0000000180006720     GpuCheck.obj
 0002:00000740       ??_C@_1CA@DAGFOHPM@?$AA?5?$AA?$CI?$AAv?$AAe?$AAn?$AAd?$AAo?$AAr?$AA?5?$AA?$CF?$AA0?$AA4?$AAX?$AA?$CJ?$AA?4@ 0000000180006740     GpuCheck.obj
 0002:00000760       ??_C@_1FI@NLIGPLEJ@?$AA?5?$AAW?$AAA?$AAR?$AAN?$AAI?$AAN?$AAG?$AA?3?$AA?5?$AAE?$AAX?$AAP?$AAE?$AAC@ 0000000180006760     GpuCheck.obj
 0002:000007c0       ??_C@_1FC@PFBNMNME@?$AA?5?$AAW?$AAA?$AAR?$AAN?$AAI?$AAN?$AAG?$AA?3?$AA?5?$AAN?$AAO?$AA?5?$AAG?$AAP@ 00000001800067c0     GpuCheck.obj
 0002:00000818       ??_C@_1DA@PPPIFIMA@?$AAD?$AAi?$AAs?$AAc?$AAr?$AAe?$AAt?$AAe?$AA?5?$AAG?$AAP?$AAU?$AA?5?$AAd?$AAe@ 0000000180006818     GpuCheck.obj
 0002:00000850       ??_C@_1GA@KNEOKHLL@?$AA?5?$AAW?$AAA?$AAR?$AAN?$AAI?$AAN?$AAG?$AA?3?$AA?5?$AAN?$AAO?$AA?5?$AAD?$AAI@ 0000000180006850     GpuCheck.obj
 0002:000008b0       ??_C@_1CM@HFMJMNN@?$AAE?$AAN?$AAT?$AAE?$AAR?$AA?5?$AA?$DN?$AA?5?$AAB?$AAo?$AAo?$AAt?$AA?5?$AAW?$AAi@ 00000001800068b0     GpuCheck.obj
 0002:000008e0       ??_C@_1DK@OABEOONA@?$AAE?$AAN?$AAT?$AAE?$AAR?$AA?5?$AA?$DN?$AA?5?$AAB?$AAo?$AAo?$AAt?$AA?5?$AAW?$AAi@ 00000001800068e0     GpuCheck.obj
 0002:00000920       ??_C@_1CI@OGCLJOPF@?$AAR?$AA?5?$AA?5?$AA?5?$AA?5?$AA?5?$AA?$DN?$AA?5?$AAR?$AAe?$AAs?$AAc?$AAa?$AAn?$AA?5@ 0000000180006920     GpuCheck.obj
 0002:00000948       ??_C@_1CG@BFDONNPM@?$AAP?$AA?5?$AA?5?$AA?5?$AA?5?$AA?5?$AA?$DN?$AA?5?$AAP?$AAo?$AAw?$AAe?$AAr?$AA?5?$AAO@ 0000000180006948     GpuCheck.obj
 0002:00000970       ??_C@_1CC@BHMILELN@?$AAE?$AAS?$AAC?$AA?5?$AA?5?$AA?5?$AA?$DN?$AA?5?$AAD?$AAe?$AAt?$AAa?$AAi?$AAl?$AAs@ 0000000180006970     GpuCheck.obj
 0002:00000998       ??_C@_1CG@OGOJFNDO@?$AAN?$AA?5?$AA?5?$AA?5?$AA?5?$AA?5?$AA?$DN?$AA?5?$AAN?$AAe?$AAx?$AAt?$AA?5?$AAp?$AAa@ 0000000180006998     GpuCheck.obj
 0002:000009c0       ??_C@_1EM@JMKKCMHI@?$AAA?$AAu?$AAt?$AAo?$AAm?$AAa?$AAt?$AAi?$AAc?$AA?5?$AAb?$AAo?$AAo?$AAt?$AA?5@ 00000001800069c0     GpuCheck.obj
 0002:00000a10       ??_C@_1EO@IDFPOHMF@?$AAA?$AAu?$AAt?$AAo?$AAm?$AAa?$AAt?$AAi?$AAc?$AA?5?$AAb?$AAo?$AAo?$AAt?$AA?5@ 0000000180006a10     GpuCheck.obj
 0002:00000a60       ??_C@_1EA@DEALBKDJ@?$AA?5?$AA?5?$AA?5?$AA?5?$AA?5?$AA?5?$AA?5?$AA?5?$AA?5?$AA?5?$AA?5?$AA?5?$AA?5?$AA?5?$AA?5@ 0000000180006a60     GpuCheck.obj
 0002:00000aa0       ??_C@_1M@BCHCLPAC@?$AA1?$AA?4?$AA0?$AA?4?$AA0@ 0000000180006aa0     GpuCheck.obj
 0002:00000ab0       ??_C@_1DE@LGFGDGKH@?$AAG?$AAp?$AAu?$AAC?$AAh?$AAe?$AAc?$AAk?$AA?5?$AAv?$AAe?$AAr?$AAs?$AAi?$AAo@ 0000000180006ab0     GpuCheck.obj
 0002:00000ae8       ??_C@_1DE@IFCLNAKP@?$AAF?$AAi?$AAr?$AAm?$AAw?$AAa?$AAr?$AAe?$AA?5?$AAv?$AAe?$AAn?$AAd?$AAo?$AAr@ 0000000180006ae8     GpuCheck.obj
 0002:00000b20       ??_C@_1DI@MOMEBOL@?$AAF?$AAi?$AAr?$AAm?$AAw?$AAa?$AAr?$AAe?$AA?5?$AAr?$AAe?$AAv?$AAi?$AAs?$AAi@ 0000000180006b20     GpuCheck.obj
 0002:00000b58       ??_C@_1DI@MOMGIJHK@?$AAU?$AAE?$AAF?$AAI?$AA?5?$AAt?$AAa?$AAb?$AAl?$AAe?$AA?5?$AAr?$AAe?$AAv?$AAi@ 0000000180006b58     GpuCheck.obj
 0002:00000b90       ??_C@_1DO@LENHCEJM@?$AAC?$AAo?$AAn?$AAs?$AAo?$AAl?$AAe?$AA?5?$AAs?$AAi?$AAz?$AAe?$AA?5?$AA?5?$AA?5@ 0000000180006b90     GpuCheck.obj
 0002:00000bd0       ??_C@_1DE@FBHDHLKM@?$AAP?$AAc?$AAi?$AAI?$AAo?$AA?5?$AAh?$AAa?$AAn?$AAd?$AAl?$AAe?$AAs?$AA?5?$AA?5@ 0000000180006bd0     GpuCheck.obj
 0002:00000c08       ??_C@_1DE@LDNEBFCD@?$AAP?$AAC?$AAI?$AA?5?$AAf?$AAu?$AAn?$AAc?$AAt?$AAi?$AAo?$AAn?$AAs?$AA?5?$AAs@ 0000000180006c08     GpuCheck.obj
 0002:00000c40       ??_C@_1DE@IKMAGJDD@?$AAD?$AAi?$AAs?$AAp?$AAl?$AAa?$AAy?$AA?5?$AAa?$AAd?$AAa?$AAp?$AAt?$AAe?$AAr@ 0000000180006c40     GpuCheck.obj
 0002:00000c78       ??_C@_17IHBDLLG@?$AAy?$AAe?$AAs@ 0000000180006c78     GpuCheck.obj
 0002:00000c80       ??_C@_15BPIGNHCD@?$AAn?$AAo@ 0000000180006c80     GpuCheck.obj
 0002:00000c88       ??_C@_1DE@MMOADBBE@?$AAC?$AAo?$AAn?$AAn?$AAe?$AAc?$AAt?$AAA?$AAl?$AAl?$AA?5?$AAr?$AAe?$AAt?$AAr@ 0000000180006c88     GpuCheck.obj
 0002:00000cc0       ??_C@_1DE@FPOABKGL@?$AAR?$AAo?$AAo?$AAt?$AA?9?$AAb?$AAr?$AAi?$AAd?$AAg?$AAe?$AA?5?$AAf?$AAa?$AAl@ 0000000180006cc0     GpuCheck.obj
 0002:00000cf8       ??_C@_1DE@DONGKABL@?$AAR?$AAu?$AAn?$AAn?$AAi?$AAn?$AAg?$AA?5?$AAa?$AAs?$AA?5?$AA?5?$AA?5?$AA?5?$AA?5@ 0000000180006cf8     GpuCheck.obj
 0002:00000d30       ??_C@_1DE@LPMMFCIN@?$AAW?$AAi?$AAn?$AAd?$AAo?$AAw?$AAs?$AA?5?$AAl?$AAo?$AAa?$AAd?$AAe?$AAr?$AA?5@ 0000000180006d30     GpuCheck.obj
 0002:00000d68       ??_C@_1DE@JLENJIFD@?$AAO?$AAn?$AA?5?$AAb?$AAo?$AAo?$AAt?$AA?5?$AAv?$AAo?$AAl?$AAu?$AAm?$AAe?$AA?5@ 0000000180006d68     GpuCheck.obj
 0002:00000da0       ??_C@_1EC@NGIKBKFB@?$AAW?$AAi?$AAn?$AAd?$AAo?$AAw?$AAs?$AA?5?$AAl?$AAo?$AAa?$AAd?$AAe?$AAr?$AA?5@ 0000000180006da0     GpuCheck.obj
 0002:00000de8       ??_C@_1DG@OGOANJK@?$AA?2?$AAE?$AAF?$AAI?$AA?2?$AAG?$AAP?$AAU?$AAC?$AAH?$AAE?$AAC?$AAK?$AA?2?$AAg@ 0000000180006de8     GpuCheck.obj
 0002:00000e20       ??_C@_1DA@CLCANGAN@?$AA?$CI?$AAn?$AAo?$AAn?$AAe?$AA?5?$AA?9?$AA?5?$AAu?$AAs?$AAi?$AAn?$AAg?$AA?5?$AAd@ 0000000180006e20     GpuCheck.obj
 0002:00000e50       ??_C@_1DE@IFPJLNHO@?$AAC?$AAo?$AAn?$AAf?$AAi?$AAg?$AA?5?$AAf?$AAi?$AAl?$AAe?$AA?5?$AA?5?$AA?5?$AA?5@ 0000000180006e50     GpuCheck.obj
 0002:00000e88       ??_C@_1DI@KABCLAIE@?$AA?5?$AA?5?$AAE?$AAX?$AAP?$AAE?$AAC?$AAT?$AA_?$AAV?$AAE?$AAN?$AAD?$AAO?$AAR@ 0000000180006e88     GpuCheck.obj
 0002:00000ec0       ??_C@_1DG@MJAMFJDJ@?$AA?5?$AA?5?$AAE?$AAX?$AAP?$AAE?$AAC?$AAT?$AA_?$AAD?$AAE?$AAV?$AAI?$AAC?$AAE@ 0000000180006ec0     GpuCheck.obj
 0002:00000ef8       ??_C@_1DI@LKPCLDEI@?$AA?5?$AA?5?$AAE?$AAX?$AAP?$AAE?$AAC?$AAT?$AA_?$AAD?$AAE?$AAV?$AAI?$AAC?$AAE@ 0000000180006ef8     GpuCheck.obj
 0002:00000f30       ??_C@_13JGCMLPCH@?$AA1@    0000000180006f30     GpuCheck.obj
 0002:00000f34       ??_C@_13COJANIEC@?$AA0@    0000000180006f34     GpuCheck.obj
 0002:00000f38       ??_C@_1DG@NPHJGOMA@?$AA?5?$AA?5?$AAA?$AAU?$AAT?$AAO?$AAB?$AAO?$AAO?$AAT?$AA_?$AAW?$AAH?$AAE?$AAN@ 0000000180006f38     GpuCheck.obj
 0002:00000f70       ??_C@_1DG@BDCPLPKK@?$AA?5?$AA?5?$AAA?$AAU?$AAT?$AAO?$AAB?$AAO?$AAO?$AAT?$AA_?$AAD?$AAE?$AAL?$AAA@ 0000000180006f70     GpuCheck.obj
 0002:00000fa8       ??_C@_1DG@NFBACDAF@?$AA?5?$AA?5?$AAH?$AAA?$AAL?$AAT?$AA_?$AAW?$AAH?$AAE?$AAN?$AA_?$AAM?$AAI?$AAS@ 0000000180006fa8     GpuCheck.obj
 0002:00000fe0       ??_C@_1CC@CNADGDMM@?$AA?6?$AAS?$AAu?$AAb?$AAs?$AAy?$AAs?$AAt?$AAe?$AAm?$AA?5?$AAI?$AAD?$AAs?$AA?3@ 0000000180006fe0     GpuCheck.obj
 0002:00001008       ??_C@_1BA@GJABJLMP@?$AA?5?$AA?5?$AA?$FL?$AA?$CF?$AAd?$AA?$FN?$AA?5@ 0000000180007008     GpuCheck.obj
 0002:00001020       ??_C@_1GG@OHMHENCG@?$AA?5?$AA?5?$AAs?$AAu?$AAb?$AAs?$AAy?$AAs?$AA?5?$AA?$CF?$AA0?$AA4?$AAX?$AA?3?$AA?$CF@ 0000000180007020     GpuCheck.obj
 0002:00001090       ??_C@_1FA@OCMNCNDC@?$AA?5?$AA?5?$AA?5?$AA?5?$AA?5?$AA?5?$AAP?$AAC?$AAI?$AAe?$AA?5?$AAc?$AAa?$AAp?$AA?5@ 0000000180007090     GpuCheck.obj
 0002:000010e0       ??_C@_1DG@HNNBCAPL@?$AA?6?$AAP?$AAr?$AAe?$AAs?$AAs?$AA?5?$AAa?$AAn?$AAy?$AA?5?$AAk?$AAe?$AAy?$AA?5@ 00000001800070e0     GpuCheck.obj
 0002:00001120       ??_C@_1GI@OJOAGBPM@?$AA?5?$AAE?$AAR?$AAR?$AAO?$AAR?$AA?3?$AA?5?$AAW?$AAi?$AAn?$AAd?$AAo?$AAw?$AAs@ 0000000180007120     GpuCheck.obj
 0002:00001190       ??_C@_1FC@KDMPINAE@?$AA?5?$AAE?$AAR?$AAR?$AAO?$AAR?$AA?3?$AA?5?$AAW?$AAi?$AAn?$AAd?$AAo?$AAw?$AAs@ 0000000180007190     GpuCheck.obj
 0002:000011e8       ??_C@_1BM@GIIFODMO@?$AAL?$AAo?$AAa?$AAd?$AAe?$AAr?$AA?5?$AA?5?$AA?3?$AA?5?$AA?$CF?$AAs?$AA?6@ 00000001800071e8     GpuCheck.obj
 0002:00001208       ??_C@_1CC@OBNJKOMM@?$AAS?$AAt?$AAa?$AAt?$AAu?$AAs?$AA?5?$AA?5?$AA?3?$AA?5?$AA?$CF?$AA0?$AA1?$AA6?$AAX@ 0000000180007208     GpuCheck.obj
 0002:00001230       ??_C@_1HE@JBMDNMC@?$AAI?$AAf?$AA?5?$AAS?$AAe?$AAc?$AAu?$AAr?$AAe?$AA?5?$AAB?$AAo?$AAo?$AAt?$AA?5@ 0000000180007230     GpuCheck.obj
 0002:000012b0       ??_C@_1GA@PKFPGDND@?$AAa?$AAn?$AA?5?$AAu?$AAn?$AAs?$AAi?$AAg?$AAn?$AAe?$AAd?$AA?5?$AAc?$AAh?$AAa@ 00000001800072b0     GpuCheck.obj
 0002:00001310       ??_C@_1BG@HALLGGOI@?$AAE?$AAx?$AAp?$AAe?$AAc?$AAt?$AAe?$AAd?$AA?3?$AA?6@ 0000000180007310     GpuCheck.obj
 0002:00001330       ??_C@_1FE@EPBCMEJA@?$AA?2?$AAE?$AAF?$AAI?$AA?2?$AAM?$AAi?$AAc?$AAr?$AAo?$AAs?$AAo?$AAf?$AAt?$AA?2@ 0000000180007330     GpuCheck.obj
 0002:00001390       ??_C@_1FE@KBFPAKHO@?$AA?6?$AAA?$AAl?$AAs?$AAo?$AA?5?$AAs?$AAe?$AAa?$AAr?$AAc?$AAh?$AAe?$AAd?$AA?0@ 0000000180007390     GpuCheck.obj
 0002:000013e8       ??_C@_1M@IANLBCIB@?$AA?5?$AA?5?$AA?$CF?$AAs?$AA?6@ 00000001800073e8     GpuCheck.obj
 0002:00001400       ??_C@_1HK@GAOFBLFH@?$AA?6?$AAR?$AAe?$AA?9?$AAr?$AAu?$AAn?$AA?5?$AAs?$AAc?$AAr?$AAi?$AAp?$AAt?$AAs@ 0000000180007400     GpuCheck.obj
 0002:00001480       ??_C@_1BG@HOAFINDO@?$AAR?$AA?5?$AA?$DN?$AA?5?$AAr?$AAe?$AAt?$AAr?$AAy?$AA?6@ 0000000180007480     GpuCheck.obj
 0002:00001498       ??_C@_1BO@KFDDEDNB@?$AAP?$AA?5?$AA?$DN?$AA?5?$AAp?$AAo?$AAw?$AAe?$AAr?$AA?5?$AAo?$AAf?$AAf?$AA?6@ 0000000180007498     GpuCheck.obj
 0002:000014b8       ??_C@_1CG@OMPJLAIK@?$AA?6?$AAS?$AAh?$AAu?$AAt?$AAt?$AAi?$AAn?$AAg?$AA?5?$AAd?$AAo?$AAw?$AAn?$AA?4@ 00000001800074b8     GpuCheck.obj
 0002:000014e0       ??_C@_1FO@GNBGNEFL@?$AAF?$AAi?$AAr?$AAm?$AAw?$AAa?$AAr?$AAe?$AA?5?$AAd?$AAi?$AAd?$AA?5?$AAn?$AAo@ 00000001800074e0     GpuCheck.obj
 0002:00001540       ??_C@_1EC@DJIODDIJ@?$AAP?$AAo?$AAw?$AAe?$AAr?$AA?5?$AAt?$AAh?$AAe?$AA?5?$AAm?$AAa?$AAc?$AAh?$AAi@ 0000000180007540     GpuCheck.obj
 0002:00001590       ??_C@_1EG@KBLPCFKE@?$AAS?$AAt?$AAa?$AAr?$AAt?$AAi?$AAn?$AAg?$AA?5?$AAW?$AAi?$AAn?$AAd?$AAo?$AAw@ 0000000180007590     GpuCheck.obj
 0002:00001638       ??_C@_1O@LDKHFPCE@?$AAN?$AAV?$AAI?$AAD?$AAI?$AAA@ 0000000180007638     PciScan.obj
 0002:00001648       ??_C@_1BE@GPHEFKHA@?$AAA?$AAM?$AAD?$AA?5?$AA?1?$AA?5?$AAA?$AAT?$AAI@ 0000000180007648     PciScan.obj
 0002:00001660       ??_C@_1M@OHBNMJAK@?$AAI?$AAn?$AAt?$AAe?$AAl@ 0000000180007660     PciScan.obj
 0002:00001670       ??_C@_17NIFKDEDN@?$AAA?$AAM?$AAD@ 0000000180007670     PciScan.obj
 0002:00001678       ??_C@_1O@CNAOKHAG@?$AAM?$AAa?$AAt?$AAr?$AAo?$AAx@ 0000000180007678     PciScan.obj
 0002:00001688       ??_C@_1O@CKJNAGDH@?$AAA?$AAS?$AAP?$AAE?$AAE?$AAD@ 0000000180007688     PciScan.obj
 0002:00001698       ??_C@_1O@BNIHCFDC@?$AAV?$AAM?$AAw?$AAa?$AAr?$AAe@ 0000000180007698     PciScan.obj
 0002:000016a8       ??_C@_1CC@FNKJDPND@?$AAR?$AAe?$AAd?$AA?5?$AAH?$AAa?$AAt?$AA?5?$AA?1?$AA?5?$AAv?$AAi?$AAr?$AAt?$AAi@ 00000001800076a8     PciScan.obj
 0002:000016d0       ??_C@_1BO@NCPIHLKE@?$AAR?$AAe?$AAd?$AA?5?$AAH?$AAa?$AAt?$AA?5?$AA?$CI?$AAQ?$AAE?$AAM?$AAU?$AA?$CJ@ 00000001800076d0     PciScan.obj
 0002:000016f0       ??_C@_1BI@JDPILCPB@?$AAS?$AA3?$AA?5?$AAG?$AAr?$AAa?$AAp?$AAh?$AAi?$AAc?$AAs@ 00000001800076f0     PciScan.obj
 0002:00001708       ??_C@_1BK@PCFNAJPM@?$AAC?$AAi?$AAr?$AAr?$AAu?$AAs?$AA?5?$AAL?$AAo?$AAg?$AAi?$AAc@ 0000000180007708     PciScan.obj
 0002:00001728       ??_C@_17OIFPOFIG@?$AAX?$AAG?$AAI@ 0000000180007728     PciScan.obj
 0002:00001730       ??_C@_17LHDHCKGN@?$AAS?$AAi?$AAS@ 0000000180007730     PciScan.obj
 0002:00001738       ??_C@_17CGLLOCL@?$AAV?$AAI?$AAA@ 0000000180007738     PciScan.obj
 0002:00001740       ??_C@_1BO@HPOECCC@?$AAU?$AAn?$AAk?$AAn?$AAo?$AAw?$AAn?$AA?5?$AAv?$AAe?$AAn?$AAd?$AAo?$AAr@ 0000000180007740     PciScan.obj
 0002:00001760       ??_C@_1DC@CDDGGPDP@?$AAN?$AAo?$AAt?$AA?5?$AAa?$AA?5?$AAd?$AAi?$AAs?$AAp?$AAl?$AAa?$AAy?$AA?5?$AAc@ 0000000180007760     PciScan.obj
 0002:00001798       ??_C@_1DE@HPJMDDJA@?$AAV?$AAG?$AAA?$AA?5?$AAC?$AAo?$AAm?$AAp?$AAa?$AAt?$AAi?$AAb?$AAl?$AAe?$AA?5@ 0000000180007798     PciScan.obj
 0002:000017d0       ??_C@_1BO@MKIMJGEE@?$AAX?$AAG?$AAA?$AA?5?$AAC?$AAo?$AAn?$AAt?$AAr?$AAo?$AAl?$AAl?$AAe?$AAr@ 00000001800077d0     PciScan.obj
 0002:000017f0       ??_C@_1BM@JBGCPKFP@?$AA3?$AAD?$AA?5?$AAC?$AAo?$AAn?$AAt?$AAr?$AAo?$AAl?$AAl?$AAe?$AAr@ 00000001800077f0     PciScan.obj
 0002:00001810       ??_C@_1DC@FMNNIMML@?$AAO?$AAt?$AAh?$AAe?$AAr?$AA?5?$AAD?$AAi?$AAs?$AAp?$AAl?$AAa?$AAy?$AA?5?$AAC@ 0000000180007810     PciScan.obj
 0002:00001850       ??_C@_1EO@EDAPKEFC@?$AAD?$AAi?$AAs?$AAp?$AAl?$AAa?$AAy?$AA?5?$AAC?$AAo?$AAn?$AAt?$AAr?$AAo?$AAl@ 0000000180007850     PciScan.obj
 0002:000018a0       ??_C@_19ICHBNEGB@?$AAG?$AAe?$AAn?$AA1@ 00000001800078a0     PciScan.obj
 0002:000018b0       ??_C@_19JAMEHLIP@?$AAG?$AAe?$AAn?$AA2@ 00000001800078b0     PciScan.obj
 0002:000018c0       ??_C@_19CIHIBMOK@?$AAG?$AAe?$AAn?$AA3@ 00000001800078c0     PciScan.obj
 0002:000018d0       ??_C@_19LFKPCEFD@?$AAG?$AAe?$AAn?$AA4@ 00000001800078d0     PciScan.obj
 0002:000018e0       ??_C@_19NBDEDDG@?$AAG?$AAe?$AAn?$AA5@ 00000001800078e0     PciScan.obj
 0002:000018f0       ??_C@_19BPKGOMNI@?$AAG?$AAe?$AAn?$AA6@ 00000001800078f0     PciScan.obj
 0002:00001900       ??_C@_19KHBKILLN@?$AAG?$AAe?$AAn?$AA7@ 0000000180007900     PciScan.obj
 0002:00001910       ??_C@_19GCKOKDFC@?$AAG?$AAe?$AAn?$AA?$DP@ 0000000180007910     PciScan.obj
 0002:00001920       ??_C@_1BG@FPPELDKG@?$AAI?$AAn?$AAt?$AAe?$AAg?$AAr?$AAa?$AAt?$AAe?$AAd@ 0000000180007920     PciScan.obj
 0002:00001938       ??_C@_1BC@PCMFIPHH@?$AAD?$AAi?$AAs?$AAc?$AAr?$AAe?$AAt?$AAe@ 0000000180007938     PciScan.obj
 0002:00001950       ??_C@_1BA@LEPJIIOK@?$AAU?$AAn?$AAk?$AAn?$AAo?$AAw?$AAn@ 0000000180007950     PciScan.obj
 0002:00001960       ??_C@_1BM@JGBGHHFP@?$AAP?$AAC?$AAI?$AAe?$AA?5?$AAE?$AAn?$AAd?$AAp?$AAo?$AAi?$AAn?$AAt@ 0000000180007960     PciScan.obj
 0002:00001980       ??_C@_1CK@MFOANNMN@?$AAL?$AAe?$AAg?$AAa?$AAc?$AAy?$AA?5?$AAP?$AAC?$AAI?$AAe?$AA?5?$AAE?$AAn?$AAd@ 0000000180007980     PciScan.obj
 0002:000019b0       ??_C@_1BE@LAFPNHLA@?$AAR?$AAo?$AAo?$AAt?$AA?5?$AAP?$AAo?$AAr?$AAt@ 00000001800079b0     PciScan.obj
 0002:000019c8       ??_C@_1BM@HACDCFL@?$AAU?$AAp?$AAs?$AAt?$AAr?$AAe?$AAa?$AAm?$AA?5?$AAP?$AAo?$AAr?$AAt@ 00000001800079c8     PciScan.obj
 0002:000019e8       ??_C@_1CA@BLKLHKAK@?$AAD?$AAo?$AAw?$AAn?$AAs?$AAt?$AAr?$AAe?$AAa?$AAm?$AA?5?$AAP?$AAo?$AAr?$AAt@ 00000001800079e8     PciScan.obj
 0002:00001a08       ??_C@_1DA@GDBPEDBN@?$AAR?$AAo?$AAo?$AAt?$AA?5?$AAC?$AAo?$AAm?$AAp?$AAl?$AAe?$AAx?$AA?5?$AAI?$AAn@ 0000000180007a08     PciScan.obj
 0002:00001a38       ??_C@_1M@KDHOHJAD@?$AAO?$AAt?$AAh?$AAe?$AAr@ 0000000180007a38     PciScan.obj
 0002:00001a50       ??_C@_1FE@MOGALJK@?$AA?2?$AAE?$AAF?$AAI?$AA?2?$AAM?$AAi?$AAc?$AAr?$AAo?$AAs?$AAo?$AAf?$AAt?$AA?2@ 0000000180007a50     WindowsBoot.obj
 0002:00001ab0       ??_C@_1EI@ENKCMCDI@?$AA?2?$AAE?$AAF?$AAI?$AA?2?$AAG?$AAP?$AAU?$AAC?$AAH?$AAE?$AAC?$AAK?$AA?2?$AAb@ 0000000180007ab0     WindowsBoot.obj
 0002:00001b00       ??_C@_1EM@FEMFDGDF@?$AA?2?$AAE?$AAF?$AAI?$AA?2?$AAM?$AAi?$AAc?$AAr?$AAo?$AAs?$AAo?$AAf?$AAt?$AA?2@ 0000000180007b00     WindowsBoot.obj
 0002:00001b50       ??_C@_1DO@GPEHGHEB@?$AA?2?$AAE?$AAF?$AAI?$AA?2?$AAB?$AAO?$AAO?$AAT?$AA?2?$AAB?$AAO?$AAO?$AAT?$AAX@ 0000000180007b50     WindowsBoot.obj
 0002:00001b90       ??_C@_1DK@HFBPKOMI@?$AA?2?$AAE?$AAF?$AAI?$AA?2?$AAB?$AAO?$AAO?$AAT?$AA?2?$AAB?$AAO?$AAO?$AAT?$AAX@ 0000000180007b90     WindowsBoot.obj
 0002:00001bd0       ??_C@_1EC@LNDFLFLH@?$AA?2?$AAE?$AAF?$AAI?$AA?2?$AAM?$AAi?$AAc?$AAr?$AAo?$AAs?$AAo?$AAf?$AAt?$AA?2@ 0000000180007bd0     WindowsBoot.obj
 0002:00001c14       ??_C@_13FPGAJAPJ@?$AA?2@   0000000180007c14     WindowsBoot.obj
 0002:00001c18       ??_C@_1CI@KJKGMAEA@?$AAG?$AAP?$AAU?$AA?5?$AAP?$AAC?$AAI?$AAe?$AA?5?$AAD?$AAI?$AAA?$AAG?$AAN?$AAO@ 0000000180007c18     WindowsBoot.obj
 0002:00001c40       ??_C@_04HCDDPBNL@TRUE@     0000000180007c40     GpuConfig.obj
 0002:00001c48       ??_C@_03IPHJCBHH@YES@      0000000180007c48     GpuConfig.obj
 0002:00001c4c       ??_C@_02BFICIOJL@ON@       0000000180007c4c     GpuConfig.obj
 0002:00001c50       ??_C@_05MAJJAKPI@FALSE@    0000000180007c50     GpuConfig.obj
 0002:00001c58       ??_C@_02NFLNFON@NO@        0000000180007c58     GpuConfig.obj
 0002:00001c5c       ??_C@_03MPPIHBHJ@OFF@      0000000180007c5c     GpuConfig.obj
 0002:00001c60       ??_C@_0O@OKOIMCJB@EXPECT_VENDOR@ 0000000180007c60     GpuConfig.obj
 0002:00001c70       ??_C@_0O@LEMKDGBK@EXPECT_DEVICE@ 0000000180007c70     GpuConfig.obj
 0002:00001c80       ??_C@_03OMGOFJGM@ANY@      0000000180007c80     GpuConfig.obj
 0002:00001c88       ??_C@_0BE@NDGMMLIJ@AUTOBOOT_WHEN_FOUND@ 0000000180007c88     GpuConfig.obj
 0002:00001ca0       ??_C@_0P@FIDGKBIA@AUTOBOOT_DELAY@ 0000000180007ca0     GpuConfig.obj
 0002:00001cb0       ??_C@_0BC@GOGNCBDE@HALT_WHEN_MISSING@ 0000000180007cb0     GpuConfig.obj
 0002:00001cc8       ??_C@_0L@JCAPAJNL@LOG_ENABLE@ 0000000180007cc8     GpuConfig.obj
 0002:00001cd8       ??_C@_09BFEAJIPH@BOOT_PATH@ 0000000180007cd8     GpuConfig.obj
 0002:00001ce8       ??_C@_0BB@JGGOGLEG@0123456789ABCDEF@ 0000000180007ce8     GpuLog.obj
 0002:00001d00       ??_C@_08CNLLJEE@?$DMno?5rtc?$DO@ 0000000180007d00     GpuLog.obj
 0002:00001d0c       ??_C@_02PCIJFNDE@?$AN?6@   0000000180007d0c     GpuLog.obj
 0002:00001d10       ??_C@_09EMADJFBB@GpuCheck?5@ 0000000180007d10     GpuLog.obj
 0002:00001d20       ??_C@_0BE@HIPMOGGE@pci_functions_seen?$DN@ 0000000180007d20     GpuLog.obj
 0002:00001d38       ??_C@_0BF@CGPMAKGF@display_controllers?$DN@ 0000000180007d38     GpuLog.obj
 0002:00001d50       ??_C@_0CD@DJINFJGD@scan_source?$DNroot_bridge_fallbac@ 0000000180007d50     GpuLog.obj
 0002:00001d78       ??_C@_0BF@FMMHDGDF@scan_source?$DNpci_io?$AN?6@ 0000000180007d78     GpuLog.obj
 0002:00001d90       ??_C@_0CG@KHJKIKIH@NO?5PCI?5DISPLAY?5CONTROLLERS?5DETE@ 0000000180007d90     GpuLog.obj
 0002:00001db8       ??_C@_05GFIHHCNM@type?$DN@ 0000000180007db8     GpuLog.obj
 0002:00001dc0       ??_C@_05GAGEEOOM@PCIe?5@   0000000180007dc0     GpuLog.obj
 0002:00001dc8       ??_C@_02NPBFJDPD@?5x@      0000000180007dc8     GpuLog.obj
 0002:00001dcc       ??_C@_06GLIPKAJG@?5?$CImax?5@ 0000000180007dcc     GpuLog.obj
 0002:00001dd4       ??_C@_03PBLGLLIO@?$CJ?$AN?6@ 0000000180007dd4     GpuLog.obj
 0002:00001dd8       ??_C@_1BM@KBCOPEPJ@?$AA?2?$AAE?$AAF?$AAI?$AA?2?$AAG?$AAP?$AAU?$AAC?$AAH?$AAE?$AAC?$AAK@ 0000000180007dd8     GpuLog.obj
 0002:00001df8       ??_C@_1DG@NAALNGHF@?$AA?2?$AAE?$AAF?$AAI?$AA?2?$AAG?$AAP?$AAU?$AAC?$AAH?$AAE?$AAC?$AAK?$AA?2?$AAl@ 0000000180007df8     GpuLog.obj
 0002:00001e30       ??_C@_1CC@JPENPCAM@?$AA0?$AA1?$AA2?$AA3?$AA4?$AA5?$AA6?$AA7?$AA8?$AA9?$AAA?$AAB?$AAC?$AAD?$AAE@ 0000000180007e30     StandaloneUefi.obj
 0002:00001e58       ??_C@_1CC@FLKNJKKC@?$AA0?$AA1?$AA2?$AA3?$AA4?$AA5?$AA6?$AA7?$AA8?$AA9?$AAa?$AAb?$AAc?$AAd?$AAe@ 0000000180007e58     StandaloneUefi.obj
 0002:00001e80       ??_C@_1O@JGOCFHCM@?$AA?$DM?$AAn?$AAu?$AAl?$AAl?$AA?$DO@ 0000000180007e80     StandaloneUefi.obj
 0002:00001e90       ??_C@_06HPGEIPLA@?$DMnull?$DO@ 0000000180007e90     StandaloneUefi.obj
 0002:00001eb4       __volatile_metadata        0000000180007eb4     <linker-defined>
 0003:00000048       gEfiPciIoProtocolGuid      0000000180009048     StandaloneUefi.obj
 0003:00000058       gEfiPciRootBridgeIoProtocolGuid 0000000180009058     StandaloneUefi.obj
 0003:00000068       gEfiLoadedImageProtocolGuid 0000000180009068     StandaloneUefi.obj
 0003:00000078       gEfiDevicePathProtocolGuid 0000000180009078     StandaloneUefi.obj
 0003:00000088       gEfiSimpleFileSystemProtocolGuid 0000000180009088     StandaloneUefi.obj
 0003:00000098       gEfiFileInfoGuid           0000000180009098     StandaloneUefi.obj
 0003:000000a8       gEfiGlobalVariableGuid     00000001800090a8     StandaloneUefi.obj
 0003:000016e0       gST                        000000018000a6e0     StandaloneUefi.obj
 0003:000016e8       gBS                        000000018000a6e8     StandaloneUefi.obj
 0003:000016f0       gRT                        000000018000a6f0     StandaloneUefi.obj
 0003:000016f8       gImageHandle               000000018000a6f8     StandaloneUefi.obj

 entry point at        0001:000000d0

 Static symbols

 0001:00000000       ClearScreen                0000000180001000 f   GpuCheck.obj
 0001:00000044       DrainKeystrokes            0000000180001044 f   GpuCheck.obj
 0001:00000090       DrawCountdown              0000000180001090 f   GpuCheck.obj
 0001:000000f4       PowerOff                   00000001800010f4 f   GpuCheck.obj
 0001:00000158       RenderDeviceCompact        0000000180001158 f   GpuCheck.obj
 0001:00000260       RenderDeviceDetailed       0000000180001260 f   GpuCheck.obj
 0001:000003bc       RenderDeviceTableRow       00000001800013bc f   GpuCheck.obj
 0001:00000478       RenderScreen               0000000180001478 f   GpuCheck.obj
 0001:0000088c       Rule                       000000018000188c f   GpuCheck.obj
 0001:000008cc       SetColor                   00000001800018cc f   GpuCheck.obj
 0001:000008f4       ShowBootError              00000001800018f4 f   GpuCheck.obj
 0001:00000a58       ShowDetails                0000000180001a58 f   GpuCheck.obj
 0001:00001114       WaitForAction              0000000180002114 f   GpuCheck.obj
 0001:000012f0       WaitForAnyKey              00000001800022f0 f   GpuCheck.obj
 0001:00001358       CfgRead                    0000000180002358 f   PciScan.obj
 0001:00001424       CfgReadHeader              0000000180002424 f   PciScan.obj
 0001:000014a4       GetRootBridgeBusRange      00000001800024a4 f   PciScan.obj
 0001:00001898       ParsePcieCapability        0000000180002898 f   PciScan.obj
 0001:00001a6c       RecordIfDisplayDevice      0000000180002a6c f   PciScan.obj
 0001:00001c50       ScanViaPciIo               0000000180002c50 f   PciScan.obj
 0001:00001e20       ScanViaRootBridge          0000000180002e20 f   PciScan.obj
 0001:00002044       SortByBdf                  0000000180003044 f   PciScan.obj
 0001:00002120       GetOwnLoadedImage          0000000180003120 f   WindowsBoot.obj
 0001:00002168       IsOurself                  0000000180003168 f   WindowsBoot.obj
 0001:00002334       PathEqual                  0000000180003334 f   WindowsBoot.obj
 0001:000023a8       TryDevice                  00000001800033a8 f   WindowsBoot.obj
 0001:00002934       ApplySetting               0000000180003934 f   GpuConfig.obj
 0001:00002d68       KeyIs                      0000000180003d68 f   GpuConfig.obj
 0001:00002dbc       ParseBool                  0000000180003dbc f   GpuConfig.obj
 0001:00002e80       ParseBuffer                0000000180003e80 f   GpuConfig.obj
 0001:00003000       ParseHex16                 0000000180004000 f   GpuConfig.obj
 0001:000030bc       BuildLog                   00000001800040bc f   GpuLog.obj
 0001:00003694       LogChar                    0000000180004694 f   GpuLog.obj
 0001:000036b8       LogDec                     00000001800046b8 f   GpuLog.obj
 0001:00003724       LogDec2                    0000000180004724 f   GpuLog.obj
 0001:00003780       LogHex                     0000000180004780 f   GpuLog.obj
 0001:000037d0       LogStr16                   00000001800047d0 f   GpuLog.obj
 0001:00003b1c       UintnToStr                 0000000180004b1c f   StandaloneUefi.obj
 0002:000015e0       mAmdIntegratedRanges       00000001800075e0     PciScan.obj
 0002:00001f6c       $unwind$ClearScreen        0000000180007f6c     GpuCheck.obj
 0002:00001f6c       $unwind$PowerOff           0000000180007f6c     GpuCheck.obj
 0002:00001f6c       $unwind$SetColor           0000000180007f6c     GpuCheck.obj
 0002:00001f6c       $unwind$WaitForAnyKey      0000000180007f6c     GpuCheck.obj
 0002:00001f6c       $unwind$LogDec2            0000000180007f6c     GpuLog.obj
 0002:00001f6c       $unwind$LogHex             0000000180007f6c     GpuLog.obj
 0002:00001f6c       $unwind$LogStr16           0000000180007f6c     GpuLog.obj
 0002:00001f6c       $unwind$AllocatePool       0000000180007f6c     StandaloneUefi.obj
 0002:00001f6c       $unwind$DevicePathFromHandle 0000000180007f6c     StandaloneUefi.obj
 0002:00001f6c       $unwind$FreePool           0000000180007f6c     StandaloneUefi.obj
 0002:00001f6c       $unwind$StrCat16           0000000180007f6c     StandaloneUefi.obj
 0002:00001f6c       $unwind$GetOwnLoadedImage  0000000180007f6c     WindowsBoot.obj
 0002:00001f6c       $unwind$WinBootOwnDeviceHandle 0000000180007f6c     WindowsBoot.obj
 0002:00001f74       $unwind$Rule               0000000180007f74     GpuCheck.obj
 0002:00001f80       $unwind$RenderDeviceDetailed 0000000180007f80     GpuCheck.obj
 0002:00001f90       $unwind$RenderDeviceCompact 0000000180007f90     GpuCheck.obj
 0002:00001f90       $unwind$RenderDeviceTableRow 0000000180007f90     GpuCheck.obj
 0002:00001fa0       $unwind$RenderScreen       0000000180007fa0     GpuCheck.obj
 0002:00001fb8       $unwind$DrainKeystrokes    0000000180007fb8     GpuCheck.obj
 0002:00001fb8       $unwind$DrawCountdown      0000000180007fb8     GpuCheck.obj
 0002:00001fb8       $unwind$AllocateZeroPool   0000000180007fb8     StandaloneUefi.obj
 0002:00001fc0       $unwind$WaitForAction      0000000180007fc0     GpuCheck.obj
 0002:00001fd4       $unwind$ShowDetails        0000000180007fd4     GpuCheck.obj
 0002:00001fe8       $unwind$EfiMain            0000000180007fe8     GpuCheck.obj
 0002:00001fe8       $unwind$ShowBootError      0000000180007fe8     GpuCheck.obj
 0002:00001ff4       $unwind$UefiMain           0000000180007ff4     GpuCheck.obj
 0002:00002008       $unwind$GpuScanPci         0000000180008008     PciScan.obj
 0002:00002014       $unwind$CfgRead            0000000180008014     PciScan.obj
 0002:00002020       $unwind$ParseBool          0000000180008020     GpuConfig.obj
 0002:00002020       $unwind$CfgReadHeader      0000000180008020     PciScan.obj
 0002:00002030       $unwind$ParsePcieCapability 0000000180008030     PciScan.obj
 0002:00002044       $unwind$RecordIfDisplayDevice 0000000180008044     PciScan.obj
 0002:0000205c       $unwind$SortByBdf          000000018000805c     PciScan.obj
 0002:0000206c       $unwind$ScanViaPciIo       000000018000806c     PciScan.obj
 0002:0000207c       $unwind$GetRootBridgeBusRange 000000018000807c     PciScan.obj
 0002:0000208c       $unwind$ScanViaRootBridge  000000018000808c     PciScan.obj
 0002:000020a4       $unwind$FileDevicePath     00000001800080a4     StandaloneUefi.obj
 0002:000020a4       $unwind$TryDevice          00000001800080a4     WindowsBoot.obj
 0002:000020a4       $unwind$WinBootOwnFilePath 00000001800080a4     WindowsBoot.obj
 0002:000020b8       $unwind$WinBootFileExists  00000001800080b8     WindowsBoot.obj
 0002:000020c0       $unwind$WinBootFindLoader  00000001800080c0     WindowsBoot.obj
 0002:000020d0       $unwind$WinBootChainload   00000001800080d0     WindowsBoot.obj
 0002:000020e0       $unwind$IsOurself          00000001800080e0     WindowsBoot.obj
 0002:000020f4       $unwind$GpuConfigSetDefaults 00000001800080f4     GpuConfig.obj
 0002:000020fc       $unwind$GpuConfigLoad      00000001800080fc     GpuConfig.obj
 0002:0000210c       $unwind$KeyIs              000000018000810c     GpuConfig.obj
 0002:00002114       $unwind$ParseHex16         0000000180008114     GpuConfig.obj
 0002:00002120       $unwind$ApplySetting       0000000180008120     GpuConfig.obj
 0002:00002134       $unwind$ParseBuffer        0000000180008134     GpuConfig.obj
 0002:00002144       $unwind$GpuLogWriteScan    0000000180008144     GpuLog.obj
 0002:00002150       $unwind$LogDec             0000000180008150     GpuLog.obj
 0002:00002158       $unwind$BuildLog           0000000180008158     GpuLog.obj
 0002:0000216c       $unwind$Print              000000018000816c     StandaloneUefi.obj
 0002:00002174       $unwind$VPrint             0000000180008174     StandaloneUefi.obj
 0002:0000218c       $unwind$UintnToStr         000000018000818c     StandaloneUefi.obj
 0003:00000000       mColumns                   0000000180009000     GpuCheck.obj
 0003:00000008       mRows                      0000000180009008     GpuCheck.obj
 0003:00000010       mCandidatePaths            0000000180009010     WindowsBoot.obj
 0003:000000c0       mPage                      00000001800090c0     GpuCheck.obj
 0003:000000d0       ?OwnPath@?1??ShowDetails@@9@9 00000001800090d0     GpuCheck.obj
 0003:000002d0       ?Rooted@?L@??WinBootOwnFilePath@@9@9 00000001800092d0     WindowsBoot.obj
 0003:000004d0       ?OwnPath@?1??IsOurself@@9@9 00000001800094d0     WindowsBoot.obj
 0003:000006d0       mLogBuffer                 00000001800096d0     GpuLog.obj
 0003:000016d0       mLogPos                    000000018000a6d0     GpuLog.obj
 0003:00001700       mPrintBuffer               000000018000a700     StandaloneUefi.obj
